// Jest Snapshot v1, https://goo.gl/fbAQLP

exports[`containers/PanelBody Componentが正しく配置されている 1`] = `
ShallowWrapper {
  "length": 1,
  Symbol(enzyme.__root__): [Circular],
  Symbol(enzyme.__unrendered__): <PanelBody
    intl={
        Object {
            "defaultFormats": Object {},
            "defaultLocale": "en",
            "formatDate": [Function],
            "formatHTMLMessage": [Function],
            "formatMessage": [Function],
            "formatNumber": [Function],
            "formatPlural": [Function],
            "formatRelative": [Function],
            "formatTime": [Function],
            "formats": Object {},
            "formatters": Object {
              "getDateTimeFormat": [Function],
              "getMessageFormat": [Function],
              "getNumberFormat": [Function],
              "getPluralFormat": [Function],
              "getRelativeFormat": [Function],
            },
            "locale": "en",
            "messages": Object {
              "calculate": "計算",
              "description.input": "日本語の単語を空白で区切って入力し、計算ボタンをクリックしてください。",
              "description.input.supplement.1": "引き算を行う場合には、単語の先頭に『-』を付けます。",
              "description.input.supplement.2": "足し算を行う場合には、単語の先頭に『+』を付けることができます (基本的には付けなくても問題ありませんが、単語が『+』や『-』で始まる場合には必ず付けてください)。",
              "description.word2Vec": "単語をベクトル表現するための技術です。これを利用して、単語の足し算や引き算を行うことができます。",
              "errorMessage.default": "エラーが発生しました: {message}",
              "errorMessage.predict": "計算中にエラーが発生しました: {message}",
              "header.candidate": "候補",
              "header.cosine": "コサイン類似度 (-1 〜 1)",
              "header.keywords": "<キーワード>",
              "header.word": "単語",
              "title.description": "概要",
              "title.input": "入力",
              "title.result": "結果",
              "unknown": "(予測不能)",
            },
            "now": [Function],
            "textComponent": "span",
          }
    }
    messageId="description.input"
>
    <InjectIntl(Connect(Input)) />
</PanelBody>,
  Symbol(enzyme.__renderer__): Object {
    "batchedUpdates": [Function],
    "getNode": [Function],
    "render": [Function],
    "simulateEvent": [Function],
    "unmount": [Function],
  },
  Symbol(enzyme.__node__): Object {
    "instance": null,
    "key": undefined,
    "nodeType": "class",
    "props": Object {
      "bsClass": "panel",
      "children": Array [
        <p>
          日本語の単語を空白で区切って入力し、計算ボタンをクリックしてください。
</p>,
        <InjectIntl(Connect(Input)) />,
      ],
      "collapsible": false,
    },
    "ref": null,
    "rendered": Array [
      Object {
        "instance": null,
        "key": undefined,
        "nodeType": "host",
        "props": Object {
          "children": Array [
            "日本語の単語を空白で区切って入力し、計算ボタンをクリックしてください。",
            undefined,
          ],
        },
        "ref": null,
        "rendered": Array [
          "日本語の単語を空白で区切って入力し、計算ボタンをクリックしてください。",
          undefined,
        ],
        "type": "p",
      },
      Object {
        "instance": null,
        "key": undefined,
        "nodeType": "class",
        "props": Object {},
        "ref": null,
        "rendered": null,
        "type": [Function],
      },
    ],
    "type": [Function],
  },
  Symbol(enzyme.__nodes__): Array [
    Object {
      "instance": null,
      "key": undefined,
      "nodeType": "class",
      "props": Object {
        "bsClass": "panel",
        "children": Array [
          <p>
            日本語の単語を空白で区切って入力し、計算ボタンをクリックしてください。
</p>,
          <InjectIntl(Connect(Input)) />,
        ],
        "collapsible": false,
      },
      "ref": null,
      "rendered": Array [
        Object {
          "instance": null,
          "key": undefined,
          "nodeType": "host",
          "props": Object {
            "children": Array [
              "日本語の単語を空白で区切って入力し、計算ボタンをクリックしてください。",
              undefined,
            ],
          },
          "ref": null,
          "rendered": Array [
            "日本語の単語を空白で区切って入力し、計算ボタンをクリックしてください。",
            undefined,
          ],
          "type": "p",
        },
        Object {
          "instance": null,
          "key": undefined,
          "nodeType": "class",
          "props": Object {},
          "ref": null,
          "rendered": null,
          "type": [Function],
        },
      ],
      "type": [Function],
    },
  ],
  Symbol(enzyme.__options__): Object {
    "adapter": ReactSixteenAdapter {
      "options": Object {
        "enableComponentDidUpdateOnSetState": true,
      },
    },
    "context": Object {
      "intl": Object {
        "defaultFormats": Object {},
        "defaultLocale": "en",
        "formatDate": [Function],
        "formatHTMLMessage": [Function],
        "formatMessage": [Function],
        "formatNumber": [Function],
        "formatPlural": [Function],
        "formatRelative": [Function],
        "formatTime": [Function],
        "formats": Object {},
        "formatters": Object {
          "getDateTimeFormat": [Function],
          "getMessageFormat": [Function],
          "getNumberFormat": [Function],
          "getPluralFormat": [Function],
          "getRelativeFormat": [Function],
        },
        "locale": "en",
        "messages": Object {
          "calculate": "計算",
          "description.input": "日本語の単語を空白で区切って入力し、計算ボタンをクリックしてください。",
          "description.input.supplement.1": "引き算を行う場合には、単語の先頭に『-』を付けます。",
          "description.input.supplement.2": "足し算を行う場合には、単語の先頭に『+』を付けることができます (基本的には付けなくても問題ありませんが、単語が『+』や『-』で始まる場合には必ず付けてください)。",
          "description.word2Vec": "単語をベクトル表現するための技術です。これを利用して、単語の足し算や引き算を行うことができます。",
          "errorMessage.default": "エラーが発生しました: {message}",
          "errorMessage.predict": "計算中にエラーが発生しました: {message}",
          "header.candidate": "候補",
          "header.cosine": "コサイン類似度 (-1 〜 1)",
          "header.keywords": "<キーワード>",
          "header.word": "単語",
          "title.description": "概要",
          "title.input": "入力",
          "title.result": "結果",
          "unknown": "(予測不能)",
        },
        "now": [Function],
        "textComponent": "span",
      },
    },
  },
}
`;
